Archive member included because of file (symbol)

c:/winavr-20090313/bin/../lib/gcc/avr/4.3.2/avr51\libgcc.a(_udivmodhi4.o)
                              wocket.o (__udivmodhi4)
c:/winavr-20090313/bin/../lib/gcc/avr/4.3.2/avr51\libgcc.a(_divmodsi4.o)
                              wocket.o (__divmodsi4)
c:/winavr-20090313/bin/../lib/gcc/avr/4.3.2/avr51\libgcc.a(_exit.o)
                              c:/winavr-20090313/bin/../lib/gcc/avr/4.3.2/../../../../avr/lib/avr51/crtm1284p.o (exit)
c:/winavr-20090313/bin/../lib/gcc/avr/4.3.2/avr51\libgcc.a(_clear_bss.o)
                              firmware-version3.o (__do_clear_bss)
c:/winavr-20090313/bin/../lib/gcc/avr/4.3.2/avr51\libgcc.a(_fixunssfsi.o)
                              firmware-version3.o (__fixunssfsi)
c:/winavr-20090313/bin/../lib/gcc/avr/4.3.2/avr51\libgcc.a(_addsub_sf.o)
                              firmware-version3.o (__subsf3)
c:/winavr-20090313/bin/../lib/gcc/avr/4.3.2/avr51\libgcc.a(_mul_sf.o)
                              firmware-version3.o (__mulsf3)
c:/winavr-20090313/bin/../lib/gcc/avr/4.3.2/avr51\libgcc.a(_div_sf.o)
                              firmware-version3.o (__divsf3)
c:/winavr-20090313/bin/../lib/gcc/avr/4.3.2/avr51\libgcc.a(_eq_sf.o)
                              firmware-version3.o (__eqsf2)
c:/winavr-20090313/bin/../lib/gcc/avr/4.3.2/avr51\libgcc.a(_gt_sf.o)
                              firmware-version3.o (__gtsf2)
c:/winavr-20090313/bin/../lib/gcc/avr/4.3.2/avr51\libgcc.a(_ge_sf.o)
                              c:/winavr-20090313/bin/../lib/gcc/avr/4.3.2/avr51\libgcc.a(_fixunssfsi.o) (__gesf2)
c:/winavr-20090313/bin/../lib/gcc/avr/4.3.2/avr51\libgcc.a(_sf_to_si.o)
                              c:/winavr-20090313/bin/../lib/gcc/avr/4.3.2/avr51\libgcc.a(_fixunssfsi.o) (__fixsfsi)
c:/winavr-20090313/bin/../lib/gcc/avr/4.3.2/avr51\libgcc.a(_thenan_sf.o)
                              c:/winavr-20090313/bin/../lib/gcc/avr/4.3.2/avr51\libgcc.a(_addsub_sf.o) (__thenan_sf)
c:/winavr-20090313/bin/../lib/gcc/avr/4.3.2/avr51\libgcc.a(_usi_to_sf.o)
                              firmware-version3.o (__floatunsisf)
c:/winavr-20090313/bin/../lib/gcc/avr/4.3.2/avr51\libgcc.a(_udivmodsi4.o)
                              c:/winavr-20090313/bin/../lib/gcc/avr/4.3.2/avr51\libgcc.a(_divmodsi4.o) (__udivmodsi4)
c:/winavr-20090313/bin/../lib/gcc/avr/4.3.2/avr51\libgcc.a(_prologue.o)
                              c:/winavr-20090313/bin/../lib/gcc/avr/4.3.2/avr51\libgcc.a(_addsub_sf.o) (__prologue_saves__)
c:/winavr-20090313/bin/../lib/gcc/avr/4.3.2/avr51\libgcc.a(_epilogue.o)
                              c:/winavr-20090313/bin/../lib/gcc/avr/4.3.2/avr51\libgcc.a(_addsub_sf.o) (__epilogue_restores__)
c:/winavr-20090313/bin/../lib/gcc/avr/4.3.2/avr51\libgcc.a(_clzsi2.o)
                              c:/winavr-20090313/bin/../lib/gcc/avr/4.3.2/avr51\libgcc.a(_usi_to_sf.o) (__clzsi2)
c:/winavr-20090313/bin/../lib/gcc/avr/4.3.2/avr51\libgcc.a(_pack_sf.o)
                              c:/winavr-20090313/bin/../lib/gcc/avr/4.3.2/avr51\libgcc.a(_addsub_sf.o) (__pack_f)
c:/winavr-20090313/bin/../lib/gcc/avr/4.3.2/avr51\libgcc.a(_unpack_sf.o)
                              c:/winavr-20090313/bin/../lib/gcc/avr/4.3.2/avr51\libgcc.a(_addsub_sf.o) (__unpack_f)
c:/winavr-20090313/bin/../lib/gcc/avr/4.3.2/avr51\libgcc.a(_fpcmp_parts_sf.o)
                              c:/winavr-20090313/bin/../lib/gcc/avr/4.3.2/avr51\libgcc.a(_eq_sf.o) (__fpcmp_parts_f)
c:/winavr-20090313/bin/../lib/gcc/avr/4.3.2/avr51\libgcc.a(_clz.o)
                              c:/winavr-20090313/bin/../lib/gcc/avr/4.3.2/avr51\libgcc.a(_clzsi2.o) (__clz_tab)
c:/winavr-20090313/bin/../lib/gcc/avr/4.3.2/../../../../avr/lib/avr51\libc.a(eewr_word.o)
                              wocket.o (__eewr_word)
c:/winavr-20090313/bin/../lib/gcc/avr/4.3.2/../../../../avr/lib/avr51\libc.a(sqrt.o)
                              firmware-version3.o (sqrt)
c:/winavr-20090313/bin/../lib/gcc/avr/4.3.2/../../../../avr/lib/avr51\libc.a(fp_mpack.o)
                              c:/winavr-20090313/bin/../lib/gcc/avr/4.3.2/../../../../avr/lib/avr51\libc.a(sqrt.o) (__fp_mpack)
c:/winavr-20090313/bin/../lib/gcc/avr/4.3.2/../../../../avr/lib/avr51\libc.a(fp_nan.o)
                              c:/winavr-20090313/bin/../lib/gcc/avr/4.3.2/../../../../avr/lib/avr51\libc.a(sqrt.o) (__fp_nan)
c:/winavr-20090313/bin/../lib/gcc/avr/4.3.2/../../../../avr/lib/avr51\libc.a(fp_norm2.o)
                              c:/winavr-20090313/bin/../lib/gcc/avr/4.3.2/../../../../avr/lib/avr51\libc.a(sqrt.o) (__fp_norm2)
c:/winavr-20090313/bin/../lib/gcc/avr/4.3.2/../../../../avr/lib/avr51\libc.a(fp_split3.o)
                              c:/winavr-20090313/bin/../lib/gcc/avr/4.3.2/../../../../avr/lib/avr51\libc.a(sqrt.o) (__fp_splitA)

Allocating common symbols
Common symbol       size              file

_wX1G_CAL           0x2               wocket.o
b                   0x2               firmware-version3.o
wocket_status       0x1               firmware-version3.o
zmean               0x4               firmware-version3.o
bmean               0x4               firmware-version3.o
dataIndex           0x2               firmware-version3.o
_wXN1G_CAL          0x2               wocket.o
_wBTCAL20           0x2               wocket.o
_wYN1G_CAL          0x2               wocket.o
_wBTCAL100          0x2               wocket.o
ys                  0xe10             firmware-version3.o
xsum                0x4               firmware-version3.o
_wZN1G_CAL          0x2               wocket.o
dataSubindex        0x1               firmware-version3.o
zsum                0x4               firmware-version3.o
_wZ1G_CAL           0x2               wocket.o
ysum                0x4               firmware-version3.o
xmean               0x4               firmware-version3.o
_wBTCAL40           0x2               wocket.o
_wBTCAL60           0x2               wocket.o
_wPDT               0x1               wocket.o
opcode              0x1               wocket.o
_wBTCAL10           0x2               wocket.o
zs                  0xe10             firmware-version3.o
scounter            0x2               firmware-version3.o
_wBTCAL80           0x2               wocket.o
atmega_clock_prescalar
                    0x1               firmware-version3.o
bsum                0x4               firmware-version3.o
atmega_status       0x1               firmware-version3.o
ymean               0x4               firmware-version3.o
_wY1G_CAL           0x2               wocket.o
num_skipped_timer_interrupts
                    0x1               firmware-version3.o
xs                  0xe10             firmware-version3.o
aBuffer             0xa               wocket.o
bs                  0xe10             firmware-version3.o

Memory Configuration

Name             Origin             Length             Attributes
text             0x00000000         0x00020000         xr
data             0x00800060         0x0000ffa0         rw !x
eeprom           0x00810000         0x00010000         rw !x
fuse             0x00820000         0x00000400         rw !x
lock             0x00830000         0x00000400         rw !x
signature        0x00840000         0x00000400         rw !x
*default*        0x00000000         0xffffffff

Linker script and memory map

Address of section .data set to 0x800100
LOAD c:/winavr-20090313/bin/../lib/gcc/avr/4.3.2/../../../../avr/lib/avr51/crtm1284p.o
LOAD firmware-version3.o
LOAD wocket.o
LOAD mcu_atmega.o
LOAD c:/winavr-20090313/bin/../lib/gcc/avr/4.3.2/avr51\libgcc.a
LOAD c:/winavr-20090313/bin/../lib/gcc/avr/4.3.2/../../../../avr/lib/avr51\libc.a
LOAD c:/winavr-20090313/bin/../lib/gcc/avr/4.3.2/avr51\libgcc.a

.hash
 *(.hash)

.dynsym
 *(.dynsym)

.dynstr
 *(.dynstr)

.gnu.version
 *(.gnu.version)

.gnu.version_d
 *(.gnu.version_d)

.gnu.version_r
 *(.gnu.version_r)

.rel.init
 *(.rel.init)

.rela.init
 *(.rela.init)

.rel.text
 *(.rel.text)
 *(.rel.text.*)
 *(.rel.gnu.linkonce.t*)

.rela.text
 *(.rela.text)
 *(.rela.text.*)
 *(.rela.gnu.linkonce.t*)

.rel.fini
 *(.rel.fini)

.rela.fini
 *(.rela.fini)

.rel.rodata
 *(.rel.rodata)
 *(.rel.rodata.*)
 *(.rel.gnu.linkonce.r*)

.rela.rodata
 *(.rela.rodata)
 *(.rela.rodata.*)
 *(.rela.gnu.linkonce.r*)

.rel.data
 *(.rel.data)
 *(.rel.data.*)
 *(.rel.gnu.linkonce.d*)

.rela.data
 *(.rela.data)
 *(.rela.data.*)
 *(.rela.gnu.linkonce.d*)

.rel.ctors
 *(.rel.ctors)

.rela.ctors
 *(.rela.ctors)

.rel.dtors
 *(.rel.dtors)

.rela.dtors
 *(.rela.dtors)

.rel.got
 *(.rel.got)

.rela.got
 *(.rela.got)

.rel.bss
 *(.rel.bss)

.rela.bss
 *(.rela.bss)

.rel.plt
 *(.rel.plt)

.rela.plt
 *(.rela.plt)

.text           0x00000000     0x320a
 *(.vectors)
 .vectors       0x00000000       0x8c c:/winavr-20090313/bin/../lib/gcc/avr/4.3.2/../../../../avr/lib/avr51/crtm1284p.o
                0x00000000                __vectors
                0x00000000                __vector_default
 *(.vectors)
 *(.progmem.gcc*)
 .progmem.gcc_sw_table
                0x0000008c       0x60 wocket.o
 *(.progmem*)
                0x000000ec                . = ALIGN (0x2)
                0x000000ec                __trampolines_start = .
 *(.trampolines)
 .trampolines   0x000000ec        0x0 linker stubs
 *(.trampolines*)
                0x000000ec                __trampolines_end = .
 *(.jumptables)
 *(.jumptables*)
 *(.lowtext)
 *(.lowtext*)
                0x000000ec                __ctors_start = .
 *(.ctors)
                0x000000ec                __ctors_end = .
                0x000000ec                __dtors_start = .
 *(.dtors)
                0x000000ec                __dtors_end = .
 SORT(*)(.ctors)
 SORT(*)(.dtors)
 *(.init0)
 .init0         0x000000ec        0x0 c:/winavr-20090313/bin/../lib/gcc/avr/4.3.2/../../../../avr/lib/avr51/crtm1284p.o
                0x000000ec                __init
 *(.init0)
 *(.init1)
 *(.init1)
 *(.init2)
 .init2         0x000000ec        0xc c:/winavr-20090313/bin/../lib/gcc/avr/4.3.2/../../../../avr/lib/avr51/crtm1284p.o
 *(.init2)
 *(.init3)
 *(.init3)
 *(.init4)
 .init4         0x000000f8       0x1a c:/winavr-20090313/bin/../lib/gcc/avr/4.3.2/../../../../avr/lib/avr51/crtm1284p.o
                0x000000f8                __do_copy_data
 .init4         0x00000112       0x10 c:/winavr-20090313/bin/../lib/gcc/avr/4.3.2/avr51\libgcc.a(_clear_bss.o)
                0x00000112                __do_clear_bss
 *(.init4)
 *(.init5)
 *(.init5)
 *(.init6)
 *(.init6)
 *(.init7)
 *(.init7)
 *(.init8)
 *(.init8)
 *(.init9)
 .init9         0x00000122        0x8 c:/winavr-20090313/bin/../lib/gcc/avr/4.3.2/../../../../avr/lib/avr51/crtm1284p.o
 *(.init9)
 *(.text)
 .text          0x0000012a        0x4 c:/winavr-20090313/bin/../lib/gcc/avr/4.3.2/../../../../avr/lib/avr51/crtm1284p.o
                0x0000012a                __vector_22
                0x0000012a                __vector_28
                0x0000012a                __vector_1
                0x0000012a                __vector_32
                0x0000012a                __vector_34
                0x0000012a                __vector_24
                0x0000012a                __vector_12
                0x0000012a                __bad_interrupt
                0x0000012a                __vector_6
                0x0000012a                __vector_31
                0x0000012a                __vector_3
                0x0000012a                __vector_23
                0x0000012a                __vector_30
                0x0000012a                __vector_25
                0x0000012a                __vector_13
                0x0000012a                __vector_17
                0x0000012a                __vector_19
                0x0000012a                __vector_7
                0x0000012a                __vector_27
                0x0000012a                __vector_5
                0x0000012a                __vector_33
                0x0000012a                __vector_4
                0x0000012a                __vector_9
                0x0000012a                __vector_2
                0x0000012a                __vector_21
                0x0000012a                __vector_15
                0x0000012a                __vector_29
                0x0000012a                __vector_8
                0x0000012a                __vector_26
                0x0000012a                __vector_14
                0x0000012a                __vector_10
                0x0000012a                __vector_16
                0x0000012a                __vector_18
                0x0000012a                __vector_20
 .text          0x0000012e      0x8d4 firmware-version3.o
                0x0000012e                __vector_11
                0x000002c2                main
 .text          0x00000a02      0xcd6 wocket.o
                0x0000151a                _send_data
                0x000015c6                _wocket_initialize
                0x00000a1c                _wocket_initialize_timer2_interrupt
                0x00001572                _send_data_bufferred
                0x00000a60                _wocket_set_flag
                0x00000acc                _send_batch_count
                0x00000aac                _send_sr
                0x00000bec                _receive_data
                0x00000b5e                _send_uncompressed_pdu
                0x00000a96                _wocket_is_flag_set
                0x00000a7a                _wocket_reset_flag
                0x00000b02                _send_compressed_pdu
 .text          0x000016d8      0xb60 mcu_atmega.o
                0x00001852                _atmega_a2dConvert10bit
                0x000021c4                _is_accelerometer_on
                0x000021ce                _greenled_turn_on
                0x000018b0                _atmega_initialize_uart1
                0x00001bb2                _bluetooth_exit_command_mode
                0x00002008                _bluetooth_get_baud_rate
                0x00002188                _accelerometer_set_sensitivity
                0x0000214e                _bluetooth_receive_uart0_byte
                0x00001ac2                _bluetooth_enter_command_mode
                0x00001c60                _bluetooth_reset
                0x0000177e                _atmega_select_adc
                0x000018ec                _atmega_set_timer2_prescalar
                0x0000216e                _bluetooth_transmit_uart0_byte
                0x00002142                _bluetooth_is_discoverable
                0x00001888                _atmega_initialize_uart0
                0x00001c8e                _bluetooth_set_baud_rate
                0x00001996                _atmega_initialize
                0x00001968                _atmega_reset
                0x0000219e                _accelerometer_turn_on
                0x000021b0                _accelerometer_turn_off
                0x000018d8                _atmega_disable_JTAG
                0x00001a34                _atmega_finalize
                0x0000213a                _bluetooth_is_connected
                0x00001766                _atmega_adc_turn_on
                0x00001982                _atmega_disable_watchdog
                0x0000210a                _bluetooth_turn_on
                0x000021de                _greenled_turn_off
                0x00002120                _bluetooth_turn_off
                0x000021f0                _is_greenled_on
                0x0000221e                _is_yellowled_on
                0x0000220c                _yellowled_turn_off
                0x000021fc                _yellowled_turn_on
                0x00002132                _is_bluetooth_on
                0x0000195e                _atmega_disable_timer2
                0x000016d8                _atmega_set_adc_clock
                0x00001772                _atmega_adc_turn_off
                0x0000222c                _is_docked
                0x00001948                _atmega_enable_timer2
 .text          0x00002238        0x0 c:/winavr-20090313/bin/../lib/gcc/avr/4.3.2/avr51\libgcc.a(_udivmodhi4.o)
 .text          0x00002238        0x0 c:/winavr-20090313/bin/../lib/gcc/avr/4.3.2/avr51\libgcc.a(_divmodsi4.o)
 .text          0x00002238        0x0 c:/winavr-20090313/bin/../lib/gcc/avr/4.3.2/avr51\libgcc.a(_exit.o)
 .text          0x00002238        0x0 c:/winavr-20090313/bin/../lib/gcc/avr/4.3.2/avr51\libgcc.a(_clear_bss.o)
 .text          0x00002238       0x58 c:/winavr-20090313/bin/../lib/gcc/avr/4.3.2/avr51\libgcc.a(_fixunssfsi.o)
                0x00002238                __fixunssfsi
 .text          0x00002290      0x354 c:/winavr-20090313/bin/../lib/gcc/avr/4.3.2/avr51\libgcc.a(_addsub_sf.o)
                0x00002528                __subsf3
                0x0000258a                __addsf3
 .text          0x000025e4      0x1f4 c:/winavr-20090313/bin/../lib/gcc/avr/4.3.2/avr51\libgcc.a(_mul_sf.o)
                0x000025e4                __mulsf3
 .text          0x000027d8      0x158 c:/winavr-20090313/bin/../lib/gcc/avr/4.3.2/avr51\libgcc.a(_div_sf.o)
                0x000027d8                __divsf3
 .text          0x00002930       0x60 c:/winavr-20090313/bin/../lib/gcc/avr/4.3.2/avr51\libgcc.a(_eq_sf.o)
                0x00002930                __eqsf2
 .text          0x00002990       0x60 c:/winavr-20090313/bin/../lib/gcc/avr/4.3.2/avr51\libgcc.a(_gt_sf.o)
                0x00002990                __gtsf2
 .text          0x000029f0       0x60 c:/winavr-20090313/bin/../lib/gcc/avr/4.3.2/avr51\libgcc.a(_ge_sf.o)
                0x000029f0                __gesf2
 .text          0x00002a50       0xa8 c:/winavr-20090313/bin/../lib/gcc/avr/4.3.2/avr51\libgcc.a(_sf_to_si.o)
                0x00002a50                __fixsfsi
 .text          0x00002af8        0x0 c:/winavr-20090313/bin/../lib/gcc/avr/4.3.2/avr51\libgcc.a(_thenan_sf.o)
 .text          0x00002af8       0xf2 c:/winavr-20090313/bin/../lib/gcc/avr/4.3.2/avr51\libgcc.a(_usi_to_sf.o)
                0x00002af8                __floatunsisf
 .text          0x00002bea        0x0 c:/winavr-20090313/bin/../lib/gcc/avr/4.3.2/avr51\libgcc.a(_udivmodsi4.o)
 .text          0x00002bea        0x0 c:/winavr-20090313/bin/../lib/gcc/avr/4.3.2/avr51\libgcc.a(_prologue.o)
 .text          0x00002bea        0x0 c:/winavr-20090313/bin/../lib/gcc/avr/4.3.2/avr51\libgcc.a(_epilogue.o)
 .text          0x00002bea       0x9e c:/winavr-20090313/bin/../lib/gcc/avr/4.3.2/avr51\libgcc.a(_clzsi2.o)
                0x00002bea                __clzsi2
 .text          0x00002c88      0x1aa c:/winavr-20090313/bin/../lib/gcc/avr/4.3.2/avr51\libgcc.a(_pack_sf.o)
                0x00002c88                __pack_f
 .text          0x00002e32       0xf0 c:/winavr-20090313/bin/../lib/gcc/avr/4.3.2/avr51\libgcc.a(_unpack_sf.o)
                0x00002e32                __unpack_f
 .text          0x00002f22       0xb2 c:/winavr-20090313/bin/../lib/gcc/avr/4.3.2/avr51\libgcc.a(_fpcmp_parts_sf.o)
                0x00002f22                __fpcmp_parts_f
 .text          0x00002fd4        0x0 c:/winavr-20090313/bin/../lib/gcc/avr/4.3.2/avr51\libgcc.a(_clz.o)
 .text          0x00002fd4       0x2a c:/winavr-20090313/bin/../lib/gcc/avr/4.3.2/../../../../avr/lib/avr51\libc.a(eewr_word.o)
                0x00002fd4                __eewr_word
 .text          0x00002ffe        0x0 c:/winavr-20090313/bin/../lib/gcc/avr/4.3.2/../../../../avr/lib/avr51\libc.a(sqrt.o)
 .text          0x00002ffe        0x0 c:/winavr-20090313/bin/../lib/gcc/avr/4.3.2/../../../../avr/lib/avr51\libc.a(fp_mpack.o)
 .text          0x00002ffe        0x0 c:/winavr-20090313/bin/../lib/gcc/avr/4.3.2/../../../../avr/lib/avr51\libc.a(fp_nan.o)
 .text          0x00002ffe        0x0 c:/winavr-20090313/bin/../lib/gcc/avr/4.3.2/../../../../avr/lib/avr51\libc.a(fp_norm2.o)
 .text          0x00002ffe        0x0 c:/winavr-20090313/bin/../lib/gcc/avr/4.3.2/../../../../avr/lib/avr51\libc.a(fp_split3.o)
                0x00002ffe                . = ALIGN (0x2)
 *(.text.*)
 .text.libgcc   0x00002ffe       0x28 c:/winavr-20090313/bin/../lib/gcc/avr/4.3.2/avr51\libgcc.a(_udivmodhi4.o)
                0x00002ffe                __udivmodhi4
 .text.libgcc   0x00003026       0x36 c:/winavr-20090313/bin/../lib/gcc/avr/4.3.2/avr51\libgcc.a(_divmodsi4.o)
                0x00003026                __divmodsi4
 .text.libgcc   0x0000305c        0x0 c:/winavr-20090313/bin/../lib/gcc/avr/4.3.2/avr51\libgcc.a(_exit.o)
 .text.libgcc   0x0000305c        0x0 c:/winavr-20090313/bin/../lib/gcc/avr/4.3.2/avr51\libgcc.a(_clear_bss.o)
 .text.libgcc   0x0000305c       0x44 c:/winavr-20090313/bin/../lib/gcc/avr/4.3.2/avr51\libgcc.a(_udivmodsi4.o)
                0x0000305c                __udivmodsi4
 .text.libgcc   0x000030a0       0x38 c:/winavr-20090313/bin/../lib/gcc/avr/4.3.2/avr51\libgcc.a(_prologue.o)
                0x000030a0                __prologue_saves__
 .text.libgcc   0x000030d8       0x36 c:/winavr-20090313/bin/../lib/gcc/avr/4.3.2/avr51\libgcc.a(_epilogue.o)
                0x000030d8                __epilogue_restores__
 .text.fplib    0x0000310e       0x84 c:/winavr-20090313/bin/../lib/gcc/avr/4.3.2/../../../../avr/lib/avr51\libc.a(sqrt.o)
                0x00003116                sqrt
 .text.fplib    0x00003192       0x1c c:/winavr-20090313/bin/../lib/gcc/avr/4.3.2/../../../../avr/lib/avr51\libc.a(fp_mpack.o)
                0x00003196                __fp_mpack_finite
                0x00003192                __fp_mpack
 .text.fplib    0x000031ae        0x6 c:/winavr-20090313/bin/../lib/gcc/avr/4.3.2/../../../../avr/lib/avr51\libc.a(fp_nan.o)
                0x000031ae                __fp_nan
 .text.fplib    0x000031b4        0xe c:/winavr-20090313/bin/../lib/gcc/avr/4.3.2/../../../../avr/lib/avr51\libc.a(fp_norm2.o)
                0x000031b4                __fp_norm2
 .text.fplib    0x000031c2       0x44 c:/winavr-20090313/bin/../lib/gcc/avr/4.3.2/../../../../avr/lib/avr51\libc.a(fp_split3.o)
                0x000031c2                __fp_split3
                0x000031d2                __fp_splitA
                0x00003206                . = ALIGN (0x2)
 *(.fini9)
 .fini9         0x00003206        0x0 c:/winavr-20090313/bin/../lib/gcc/avr/4.3.2/avr51\libgcc.a(_exit.o)
                0x00003206                exit
                0x00003206                _exit
 *(.fini9)
 *(.fini8)
 *(.fini8)
 *(.fini7)
 *(.fini7)
 *(.fini6)
 *(.fini6)
 *(.fini5)
 *(.fini5)
 *(.fini4)
 *(.fini4)
 *(.fini3)
 *(.fini3)
 *(.fini2)
 *(.fini2)
 *(.fini1)
 *(.fini1)
 *(.fini0)
 .fini0         0x00003206        0x4 c:/winavr-20090313/bin/../lib/gcc/avr/4.3.2/avr51\libgcc.a(_exit.o)
 *(.fini0)
                0x0000320a                _etext = .

.data           0x00800100      0x110 load address 0x0000320a
                0x00800100                PROVIDE (__data_start, .)
 *(.data)
 .data          0x00800100        0x0 c:/winavr-20090313/bin/../lib/gcc/avr/4.3.2/../../../../avr/lib/avr51/crtm1284p.o
 .data          0x00800100        0x2 firmware-version3.o
                0x00800100                configurationTimer
 .data          0x00800102        0x5 wocket.o
                0x00800102                address
                0x00800104                _SAMPLING_RATE
                0x00800105                _wTCNT2_reps
                0x00800106                _wSENS
 .data          0x00800107        0x0 mcu_atmega.o
 .data          0x00800107        0x0 c:/winavr-20090313/bin/../lib/gcc/avr/4.3.2/avr51\libgcc.a(_udivmodhi4.o)
 .data          0x00800107        0x0 c:/winavr-20090313/bin/../lib/gcc/avr/4.3.2/avr51\libgcc.a(_divmodsi4.o)
 .data          0x00800107        0x0 c:/winavr-20090313/bin/../lib/gcc/avr/4.3.2/avr51\libgcc.a(_exit.o)
 .data          0x00800107        0x0 c:/winavr-20090313/bin/../lib/gcc/avr/4.3.2/avr51\libgcc.a(_clear_bss.o)
 .data          0x00800107        0x0 c:/winavr-20090313/bin/../lib/gcc/avr/4.3.2/avr51\libgcc.a(_fixunssfsi.o)
 .data          0x00800107        0x0 c:/winavr-20090313/bin/../lib/gcc/avr/4.3.2/avr51\libgcc.a(_addsub_sf.o)
 .data          0x00800107        0x0 c:/winavr-20090313/bin/../lib/gcc/avr/4.3.2/avr51\libgcc.a(_mul_sf.o)
 .data          0x00800107        0x0 c:/winavr-20090313/bin/../lib/gcc/avr/4.3.2/avr51\libgcc.a(_div_sf.o)
 .data          0x00800107        0x0 c:/winavr-20090313/bin/../lib/gcc/avr/4.3.2/avr51\libgcc.a(_eq_sf.o)
 .data          0x00800107        0x0 c:/winavr-20090313/bin/../lib/gcc/avr/4.3.2/avr51\libgcc.a(_gt_sf.o)
 .data          0x00800107        0x0 c:/winavr-20090313/bin/../lib/gcc/avr/4.3.2/avr51\libgcc.a(_ge_sf.o)
 .data          0x00800107        0x0 c:/winavr-20090313/bin/../lib/gcc/avr/4.3.2/avr51\libgcc.a(_sf_to_si.o)
 .data          0x00800107        0x8 c:/winavr-20090313/bin/../lib/gcc/avr/4.3.2/avr51\libgcc.a(_thenan_sf.o)
                0x00800107                __thenan_sf
 .data          0x0080010f        0x0 c:/winavr-20090313/bin/../lib/gcc/avr/4.3.2/avr51\libgcc.a(_usi_to_sf.o)
 .data          0x0080010f        0x0 c:/winavr-20090313/bin/../lib/gcc/avr/4.3.2/avr51\libgcc.a(_udivmodsi4.o)
 .data          0x0080010f        0x0 c:/winavr-20090313/bin/../lib/gcc/avr/4.3.2/avr51\libgcc.a(_prologue.o)
 .data          0x0080010f        0x0 c:/winavr-20090313/bin/../lib/gcc/avr/4.3.2/avr51\libgcc.a(_epilogue.o)
 .data          0x0080010f        0x0 c:/winavr-20090313/bin/../lib/gcc/avr/4.3.2/avr51\libgcc.a(_clzsi2.o)
 .data          0x0080010f        0x0 c:/winavr-20090313/bin/../lib/gcc/avr/4.3.2/avr51\libgcc.a(_pack_sf.o)
 .data          0x0080010f        0x0 c:/winavr-20090313/bin/../lib/gcc/avr/4.3.2/avr51\libgcc.a(_unpack_sf.o)
 .data          0x0080010f        0x0 c:/winavr-20090313/bin/../lib/gcc/avr/4.3.2/avr51\libgcc.a(_fpcmp_parts_sf.o)
 .data          0x0080010f      0x100 c:/winavr-20090313/bin/../lib/gcc/avr/4.3.2/avr51\libgcc.a(_clz.o)
                0x0080010f                __clz_tab
 .data          0x0080020f        0x0 c:/winavr-20090313/bin/../lib/gcc/avr/4.3.2/../../../../avr/lib/avr51\libc.a(eewr_word.o)
 .data          0x0080020f        0x0 c:/winavr-20090313/bin/../lib/gcc/avr/4.3.2/../../../../avr/lib/avr51\libc.a(sqrt.o)
 .data          0x0080020f        0x0 c:/winavr-20090313/bin/../lib/gcc/avr/4.3.2/../../../../avr/lib/avr51\libc.a(fp_mpack.o)
 .data          0x0080020f        0x0 c:/winavr-20090313/bin/../lib/gcc/avr/4.3.2/../../../../avr/lib/avr51\libc.a(fp_nan.o)
 .data          0x0080020f        0x0 c:/winavr-20090313/bin/../lib/gcc/avr/4.3.2/../../../../avr/lib/avr51\libc.a(fp_norm2.o)
 .data          0x0080020f        0x0 c:/winavr-20090313/bin/../lib/gcc/avr/4.3.2/../../../../avr/lib/avr51\libc.a(fp_split3.o)
 *(.data*)
 *(.rodata)
 *(.rodata*)
 *(.gnu.linkonce.d*)
                0x00800210                . = ALIGN (0x2)
 *fill*         0x0080020f        0x1 00
                0x00800210                _edata = .
                0x00800210                PROVIDE (__data_end, .)

.bss            0x00800210     0x38c0
                0x00800210                PROVIDE (__bss_start, .)
 *(.bss)
 .bss           0x00800210        0x0 c:/winavr-20090313/bin/../lib/gcc/avr/4.3.2/../../../../avr/lib/avr51/crtm1284p.o
 .bss           0x00800210        0xf firmware-version3.o
                0x00800212                sampleFlag
                0x00800219                skip_interrupt_counter
                0x0080021e                interrupt_reps
                0x00800210                wakeup
                0x0080021a                connected
                0x0080021d                interrupts_passed
                0x00800217                counter
                0x00800213                batch_counter
                0x0080021b                seconds_disconnected
                0x00800215                seconds_passed
                0x00800211                sample
 .bss           0x0080021f       0x22 wocket.o
                0x00800225                paused
                0x0080022a                x
                0x00800224                response_length
                0x00800220                command_length
                0x00800232                _wTCNT2
                0x00800239                _wShutdownTimer
                0x00800221                command_timer
                0x00800223                processed_counter
                0x0080021f                command_counter
                0x00800235                _wPC
                0x0080022e                z
                0x00800233                _wTCNT2_last
                0x0080022c                y
                0x00800226                alive_timer
                0x0080023d                _DEFAULT_SHUTDOWN
                0x00800230                _INITIALIZED
                0x00800234                _wTM
                0x00800231                _STATUS_BYTE
                0x00800228                word
 .bss           0x00800241        0x0 mcu_atmega.o
 .bss           0x00800241        0x0 c:/winavr-20090313/bin/../lib/gcc/avr/4.3.2/avr51\libgcc.a(_udivmodhi4.o)
 .bss           0x00800241        0x0 c:/winavr-20090313/bin/../lib/gcc/avr/4.3.2/avr51\libgcc.a(_divmodsi4.o)
 .bss           0x00800241        0x0 c:/winavr-20090313/bin/../lib/gcc/avr/4.3.2/avr51\libgcc.a(_exit.o)
 .bss           0x00800241        0x0 c:/winavr-20090313/bin/../lib/gcc/avr/4.3.2/avr51\libgcc.a(_clear_bss.o)
 .bss           0x00800241        0x0 c:/winavr-20090313/bin/../lib/gcc/avr/4.3.2/avr51\libgcc.a(_fixunssfsi.o)
 .bss           0x00800241        0x0 c:/winavr-20090313/bin/../lib/gcc/avr/4.3.2/avr51\libgcc.a(_addsub_sf.o)
 .bss           0x00800241        0x0 c:/winavr-20090313/bin/../lib/gcc/avr/4.3.2/avr51\libgcc.a(_mul_sf.o)
 .bss           0x00800241        0x0 c:/winavr-20090313/bin/../lib/gcc/avr/4.3.2/avr51\libgcc.a(_div_sf.o)
 .bss           0x00800241        0x0 c:/winavr-20090313/bin/../lib/gcc/avr/4.3.2/avr51\libgcc.a(_eq_sf.o)
 .bss           0x00800241        0x0 c:/winavr-20090313/bin/../lib/gcc/avr/4.3.2/avr51\libgcc.a(_gt_sf.o)
 .bss           0x00800241        0x0 c:/winavr-20090313/bin/../lib/gcc/avr/4.3.2/avr51\libgcc.a(_ge_sf.o)
 .bss           0x00800241        0x0 c:/winavr-20090313/bin/../lib/gcc/avr/4.3.2/avr51\libgcc.a(_sf_to_si.o)
 .bss           0x00800241        0x0 c:/winavr-20090313/bin/../lib/gcc/avr/4.3.2/avr51\libgcc.a(_thenan_sf.o)
 .bss           0x00800241        0x0 c:/winavr-20090313/bin/../lib/gcc/avr/4.3.2/avr51\libgcc.a(_usi_to_sf.o)
 .bss           0x00800241        0x0 c:/winavr-20090313/bin/../lib/gcc/avr/4.3.2/avr51\libgcc.a(_udivmodsi4.o)
 .bss           0x00800241        0x0 c:/winavr-20090313/bin/../lib/gcc/avr/4.3.2/avr51\libgcc.a(_prologue.o)
 .bss           0x00800241        0x0 c:/winavr-20090313/bin/../lib/gcc/avr/4.3.2/avr51\libgcc.a(_epilogue.o)
 .bss           0x00800241        0x0 c:/winavr-20090313/bin/../lib/gcc/avr/4.3.2/avr51\libgcc.a(_clzsi2.o)
 .bss           0x00800241        0x0 c:/winavr-20090313/bin/../lib/gcc/avr/4.3.2/avr51\libgcc.a(_pack_sf.o)
 .bss           0x00800241        0x0 c:/winavr-20090313/bin/../lib/gcc/avr/4.3.2/avr51\libgcc.a(_unpack_sf.o)
 .bss           0x00800241        0x0 c:/winavr-20090313/bin/../lib/gcc/avr/4.3.2/avr51\libgcc.a(_fpcmp_parts_sf.o)
 .bss           0x00800241        0x0 c:/winavr-20090313/bin/../lib/gcc/avr/4.3.2/avr51\libgcc.a(_clz.o)
 .bss           0x00800241        0x0 c:/winavr-20090313/bin/../lib/gcc/avr/4.3.2/../../../../avr/lib/avr51\libc.a(eewr_word.o)
 .bss           0x00800241        0x0 c:/winavr-20090313/bin/../lib/gcc/avr/4.3.2/../../../../avr/lib/avr51\libc.a(sqrt.o)
 .bss           0x00800241        0x0 c:/winavr-20090313/bin/../lib/gcc/avr/4.3.2/../../../../avr/lib/avr51\libc.a(fp_mpack.o)
 .bss           0x00800241        0x0 c:/winavr-20090313/bin/../lib/gcc/avr/4.3.2/../../../../avr/lib/avr51\libc.a(fp_nan.o)
 .bss           0x00800241        0x0 c:/winavr-20090313/bin/../lib/gcc/avr/4.3.2/../../../../avr/lib/avr51\libc.a(fp_norm2.o)
 .bss           0x00800241        0x0 c:/winavr-20090313/bin/../lib/gcc/avr/4.3.2/../../../../avr/lib/avr51\libc.a(fp_split3.o)
 *(.bss*)
 *(COMMON)
 COMMON         0x00800241     0x386b firmware-version3.o
                0x00800241                b
                0x00800243                wocket_status
                0x00800244                zmean
                0x00800248                bmean
                0x0080024c                dataIndex
                0x0080024e                ys
                0x0080105e                xsum
                0x00801062                dataSubindex
                0x00801063                zsum
                0x00801067                ysum
                0x0080106b                xmean
                0x0080106f                zs
                0x00801e7f                scounter
                0x00801e81                atmega_clock_prescalar
                0x00801e82                bsum
                0x00801e86                atmega_status
                0x00801e87                ymean
                0x00801e8b                num_skipped_timer_interrupts
                0x00801e8c                xs
                0x00802c9c                bs
 COMMON         0x00803aac       0x24 wocket.o
                0x00803aac                _wX1G_CAL
                0x00803aae                _wXN1G_CAL
                0x00803ab0                _wBTCAL20
                0x00803ab2                _wYN1G_CAL
                0x00803ab4                _wBTCAL100
                0x00803ab6                _wZN1G_CAL
                0x00803ab8                _wZ1G_CAL
                0x00803aba                _wBTCAL40
                0x00803abc                _wBTCAL60
                0x00803abe                _wPDT
                0x00803abf                opcode
                0x00803ac0                _wBTCAL10
                0x00803ac2                _wBTCAL80
                0x00803ac4                _wY1G_CAL
                0x00803ac6                aBuffer
                0x00803ad0                PROVIDE (__bss_end, .)
                0x0000320a                __data_load_start = LOADADDR (.data)
                0x0000331a                __data_load_end = (__data_load_start + SIZEOF (.data))

.noinit         0x00803ad0        0x0
                0x00803ad0                PROVIDE (__noinit_start, .)
 *(.noinit*)
                0x00803ad0                PROVIDE (__noinit_end, .)
                0x00803ad0                _end = .
                0x00803ad0                PROVIDE (__heap_start, .)

.eeprom         0x00810000       0x1e
 *(.eeprom*)
 .eeprom        0x00810000       0x1e wocket.o
                0x00810019                _NV_Z1G_CAL
                0x00810000                _NV_INITIALIZED
                0x00810001                _NV_STATUS_BYTE
                0x00810003                _NV_TM
                0x00810002                _NV_SAMPLING_RATE
                0x0081001d                _NV_PDT
                0x00810011                _NV_X1G_CAL
                0x00810007                _NV_BTCAL80
                0x0081001b                _NV_ZN1G_CAL
                0x00810015                _NV_Y1G_CAL
                0x00810017                _NV_YN1G_CAL
                0x0081000b                _NV_BTCAL40
                0x0081000f                _NV_BTCAL10
                0x00810013                _NV_XN1G_CAL
                0x00810005                _NV_BTCAL100
                0x0081000d                _NV_BTCAL20
                0x00810004                _NV_SENS
                0x00810009                _NV_BTCAL60
                0x0081001e                __eeprom_end = .

.fuse
 *(.fuse)
 *(.lfuse)
 *(.hfuse)
 *(.efuse)

.lock
 *(.lock*)

.signature
 *(.signature*)

.stab
 *(.stab)

.stabstr
 *(.stabstr)

.stab.excl
 *(.stab.excl)

.stab.exclstr
 *(.stab.exclstr)

.stab.index
 *(.stab.index)

.stab.indexstr
 *(.stab.indexstr)

.comment
 *(.comment)

.debug
 *(.debug)

.line
 *(.line)

.debug_srcinfo
 *(.debug_srcinfo)

.debug_sfnames
 *(.debug_sfnames)

.debug_aranges  0x00000000       0x60
 *(.debug_aranges)
 .debug_aranges
                0x00000000       0x20 firmware-version3.o
 .debug_aranges
                0x00000020       0x20 wocket.o
 .debug_aranges
                0x00000040       0x20 mcu_atmega.o

.debug_pubnames
                0x00000000      0xb02
 *(.debug_pubnames)
 .debug_pubnames
                0x00000000      0x20f firmware-version3.o
 .debug_pubnames
                0x0000020f      0x4d5 wocket.o
 .debug_pubnames
                0x000006e4      0x41e mcu_atmega.o

.debug_info     0x00000000     0x20ba
 *(.debug_info)
 .debug_info    0x00000000      0x492 firmware-version3.o
 .debug_info    0x00000492      0xa0f wocket.o
 .debug_info    0x00000ea1     0x1219 mcu_atmega.o
 *(.gnu.linkonce.wi.*)

.debug_abbrev   0x00000000      0x673
 *(.debug_abbrev)
 .debug_abbrev  0x00000000      0x159 firmware-version3.o
 .debug_abbrev  0x00000159      0x22e wocket.o
 .debug_abbrev  0x00000387      0x2ec mcu_atmega.o

.debug_line     0x00000000     0x202e
 *(.debug_line)
 .debug_line    0x00000000      0x44f firmware-version3.o
 .debug_line    0x0000044f      0x9c5 wocket.o
 .debug_line    0x00000e14     0x121a mcu_atmega.o

.debug_frame    0x00000000      0x380
 *(.debug_frame)
 .debug_frame   0x00000000       0x30 firmware-version3.o
 .debug_frame   0x00000030       0xe0 wocket.o
 .debug_frame   0x00000110      0x270 mcu_atmega.o

.debug_str      0x00000000      0x93b
 *(.debug_str)
 .debug_str     0x00000000      0x27c firmware-version3.o
                                0x2c2 (size before relaxing)
 .debug_str     0x0000027c      0x322 wocket.o
                                0x508 (size before relaxing)
 .debug_str     0x0000059e      0x39d mcu_atmega.o
                                0x4e4 (size before relaxing)

.debug_loc      0x00000000      0x7b7
 *(.debug_loc)
 .debug_loc     0x00000000       0x93 firmware-version3.o
 .debug_loc     0x00000093      0x1ae wocket.o
 .debug_loc     0x00000241      0x576 mcu_atmega.o

.debug_macinfo
 *(.debug_macinfo)
OUTPUT(Wockets-Version3.elf elf32-avr)
LOAD linker stubs

.debug_ranges   0x00000000      0x390
 .debug_ranges  0x00000000       0x60 firmware-version3.o
 .debug_ranges  0x00000060      0x330 mcu_atmega.o
