Archive member included because of file (symbol)

c:/winavr-20090313/bin/../lib/gcc/avr/4.3.2/avr5\libgcc.a(_exit.o)
                              c:/winavr-20090313/bin/../lib/gcc/avr/4.3.2/../../../../avr/lib/avr5/crtm324p.o (exit)
c:/winavr-20090313/bin/../lib/gcc/avr/4.3.2/avr5\libgcc.a(_clear_bss.o)
                              wockets_firmware_v1.o (__do_clear_bss)

Allocating common symbols
Common symbol       size              file

j                   0x1               wockets_firmware_v1.o
f                   0x1a4             wockets_firmware_v1.o
ss                  0x7               wockets_firmware_v1.o
adc_result          0x8               wockets_firmware_v1.o
r                   0x1               wockets_firmware_v1.o
i                   0x1               wockets_firmware_v1.o
buffer              0x8               wockets_firmware_v1.o
seq_num             0x2               wockets_firmware_v1.o
delta               0x4               mcu_atmega324p.o
crcTable            0x100             wockets_firmware_v1.o
crcval              0x1               wockets_firmware_v1.o

Memory Configuration

Name             Origin             Length             Attributes
text             0x00000000         0x00020000         xr
data             0x00800060         0x0000ffa0         rw !x
eeprom           0x00810000         0x00010000         rw !x
fuse             0x00820000         0x00000400         rw !x
lock             0x00830000         0x00000400         rw !x
signature        0x00840000         0x00000400         rw !x
*default*        0x00000000         0xffffffff

Linker script and memory map

Address of section .data set to 0x800100
LOAD c:/winavr-20090313/bin/../lib/gcc/avr/4.3.2/../../../../avr/lib/avr5/crtm324p.o
LOAD wockets_firmware_v1.o
LOAD bt_rn41.o
LOAD mcu_atmega324p.o
LOAD acc_mma7260qt.o
LOAD crc.o
LOAD encoder.o
LOAD c:/winavr-20090313/bin/../lib/gcc/avr/4.3.2/avr5\libgcc.a
LOAD c:/winavr-20090313/bin/../lib/gcc/avr/4.3.2/../../../../avr/lib/avr5\libc.a
LOAD c:/winavr-20090313/bin/../lib/gcc/avr/4.3.2/avr5\libgcc.a

.hash
 *(.hash)

.dynsym
 *(.dynsym)

.dynstr
 *(.dynstr)

.gnu.version
 *(.gnu.version)

.gnu.version_d
 *(.gnu.version_d)

.gnu.version_r
 *(.gnu.version_r)

.rel.init
 *(.rel.init)

.rela.init
 *(.rela.init)

.rel.text
 *(.rel.text)
 *(.rel.text.*)
 *(.rel.gnu.linkonce.t*)

.rela.text
 *(.rela.text)
 *(.rela.text.*)
 *(.rela.gnu.linkonce.t*)

.rel.fini
 *(.rel.fini)

.rela.fini
 *(.rela.fini)

.rel.rodata
 *(.rel.rodata)
 *(.rel.rodata.*)
 *(.rel.gnu.linkonce.r*)

.rela.rodata
 *(.rela.rodata)
 *(.rela.rodata.*)
 *(.rela.gnu.linkonce.r*)

.rel.data
 *(.rel.data)
 *(.rel.data.*)
 *(.rel.gnu.linkonce.d*)

.rela.data
 *(.rela.data)
 *(.rela.data.*)
 *(.rela.gnu.linkonce.d*)

.rel.ctors
 *(.rel.ctors)

.rela.ctors
 *(.rela.ctors)

.rel.dtors
 *(.rel.dtors)

.rela.dtors
 *(.rela.dtors)

.rel.got
 *(.rel.got)

.rela.got
 *(.rela.got)

.rel.bss
 *(.rel.bss)

.rela.bss
 *(.rela.bss)

.rel.plt
 *(.rel.plt)

.rela.plt
 *(.rela.plt)

.text           0x00000000      0x6e6
 *(.vectors)
 .vectors       0x00000000       0x7c c:/winavr-20090313/bin/../lib/gcc/avr/4.3.2/../../../../avr/lib/avr5/crtm324p.o
                0x00000000                __vectors
                0x00000000                __vector_default
 *(.vectors)
 *(.progmem.gcc*)
 *(.progmem*)
                0x0000007c                . = ALIGN (0x2)
                0x0000007c                __trampolines_start = .
 *(.trampolines)
 .trampolines   0x0000007c        0x0 linker stubs
 *(.trampolines*)
                0x0000007c                __trampolines_end = .
 *(.jumptables)
 *(.jumptables*)
 *(.lowtext)
 *(.lowtext*)
                0x0000007c                __ctors_start = .
 *(.ctors)
                0x0000007c                __ctors_end = .
                0x0000007c                __dtors_start = .
 *(.dtors)
                0x0000007c                __dtors_end = .
 SORT(*)(.ctors)
 SORT(*)(.dtors)
 *(.init0)
 .init0         0x0000007c        0x0 c:/winavr-20090313/bin/../lib/gcc/avr/4.3.2/../../../../avr/lib/avr5/crtm324p.o
                0x0000007c                __init
 *(.init0)
 *(.init1)
 *(.init1)
 *(.init2)
 .init2         0x0000007c        0xc c:/winavr-20090313/bin/../lib/gcc/avr/4.3.2/../../../../avr/lib/avr5/crtm324p.o
 *(.init2)
 *(.init3)
 *(.init3)
 *(.init4)
 .init4         0x00000088       0x10 c:/winavr-20090313/bin/../lib/gcc/avr/4.3.2/avr5\libgcc.a(_clear_bss.o)
                0x00000088                __do_clear_bss
 *(.init4)
 *(.init5)
 *(.init5)
 *(.init6)
 *(.init6)
 *(.init7)
 *(.init7)
 *(.init8)
 *(.init8)
 *(.init9)
 .init9         0x00000098        0x8 c:/winavr-20090313/bin/../lib/gcc/avr/4.3.2/../../../../avr/lib/avr5/crtm324p.o
 *(.init9)
 *(.text)
 .text          0x000000a0        0x4 c:/winavr-20090313/bin/../lib/gcc/avr/4.3.2/../../../../avr/lib/avr5/crtm324p.o
                0x000000a0                __vector_22
                0x000000a0                __vector_28
                0x000000a0                __vector_1
                0x000000a0                __vector_12
                0x000000a0                __bad_interrupt
                0x000000a0                __vector_6
                0x000000a0                __vector_3
                0x000000a0                __vector_23
                0x000000a0                __vector_30
                0x000000a0                __vector_25
                0x000000a0                __vector_11
                0x000000a0                __vector_13
                0x000000a0                __vector_17
                0x000000a0                __vector_19
                0x000000a0                __vector_7
                0x000000a0                __vector_27
                0x000000a0                __vector_5
                0x000000a0                __vector_4
                0x000000a0                __vector_9
                0x000000a0                __vector_2
                0x000000a0                __vector_21
                0x000000a0                __vector_15
                0x000000a0                __vector_29
                0x000000a0                __vector_8
                0x000000a0                __vector_26
                0x000000a0                __vector_14
                0x000000a0                __vector_10
                0x000000a0                __vector_16
                0x000000a0                __vector_18
                0x000000a0                __vector_20
 .text          0x000000a4      0x216 wockets_firmware_v1.o
                0x000000a4                TransmitFrames
                0x000000e6                TransmitFrame
                0x00000144                main
 .text          0x000002ba       0x2c bt_rn41.o
                0x000002dc                rn_41_on
                0x000002e0                _rn41_reset
                0x000002ce                _rn41_is_discoverable
                0x000002d8                rn_41_off
                0x000002c6                _rn41_is_connected
                0x000002ba                _rn41_init
 .text          0x000002e6      0x2b6 mcu_atmega324p.o
                0x00000504                _atmega324p_green_led_off
                0x00000508                _atmega324p_yellow_led_on
                0x00000538                TransmitByte
                0x000003c2                _atmega324p_set_reference_adc
                0x0000050c                _atmega324p_yellow_led_off
                0x00000552                __vector_24
                0x000002fc                _atmega324p_init_uart1
                0x00000334                _atmega324p_set_prescalar_adc
                0x00000566                _atmega324p_init
                0x00000516                _atmega324p_disable_JTAG
                0x000003e2                _atmega324p_disable_adc
                0x000004a0                _atmega324p_a2dConvert10bit
                0x0000052a                ReceiveByte
                0x000004d6                _atmega324p_init_adc
                0x00000500                _atmega324p_green_led_on
                0x000002e6                _atmega324p_init_uart0
                0x0000040e                _atmega324p_set_channel_adc
                0x000003f4                _atmega324p_start_adc
                0x000003ce                _atmega324p_enable_adc
                0x00000328                _atmega324p_disable_free_running_adc
                0x00000510                _atmega324p_powerdown
                0x00000312                _atmega324p_enable_free_running_adc
                0x00000406                _atmega324p_is_complete_adc
 .text          0x0000059c       0x66 acc_mma7260qt.o
                0x0000059c                _mma7260qt_set_sensitivity
                0x000005d2                _mma7260qt_sleep
                0x000005ce                _mma7260qt_wakeup
                0x000005d6                _mma7260qt_is_asleep
                0x000005e4                _mma7260qt_init
 .text          0x00000602       0x4e crc.o
                0x00000632                crc
                0x00000602                init_crc
 .text          0x00000650       0x92 encoder.o
                0x00000650                encode
 .text          0x000006e2        0x0 c:/winavr-20090313/bin/../lib/gcc/avr/4.3.2/avr5\libgcc.a(_exit.o)
 .text          0x000006e2        0x0 c:/winavr-20090313/bin/../lib/gcc/avr/4.3.2/avr5\libgcc.a(_clear_bss.o)
                0x000006e2                . = ALIGN (0x2)
 *(.text.*)
 .text.libgcc   0x000006e2        0x0 c:/winavr-20090313/bin/../lib/gcc/avr/4.3.2/avr5\libgcc.a(_exit.o)
 .text.libgcc   0x000006e2        0x0 c:/winavr-20090313/bin/../lib/gcc/avr/4.3.2/avr5\libgcc.a(_clear_bss.o)
                0x000006e2                . = ALIGN (0x2)
 *(.fini9)
 .fini9         0x000006e2        0x0 c:/winavr-20090313/bin/../lib/gcc/avr/4.3.2/avr5\libgcc.a(_exit.o)
                0x000006e2                exit
                0x000006e2                _exit
 *(.fini9)
 *(.fini8)
 *(.fini8)
 *(.fini7)
 *(.fini7)
 *(.fini6)
 *(.fini6)
 *(.fini5)
 *(.fini5)
 *(.fini4)
 *(.fini4)
 *(.fini3)
 *(.fini3)
 *(.fini2)
 *(.fini2)
 *(.fini1)
 *(.fini1)
 *(.fini0)
 .fini0         0x000006e2        0x4 c:/winavr-20090313/bin/../lib/gcc/avr/4.3.2/avr5\libgcc.a(_exit.o)
 *(.fini0)
                0x000006e6                _etext = .

.data           0x00800100        0x0 load address 0x000006e6
                0x00800100                PROVIDE (__data_start, .)
 *(.data)
 .data          0x00800100        0x0 c:/winavr-20090313/bin/../lib/gcc/avr/4.3.2/../../../../avr/lib/avr5/crtm324p.o
 .data          0x00800100        0x0 wockets_firmware_v1.o
 .data          0x00800100        0x0 bt_rn41.o
 .data          0x00800100        0x0 mcu_atmega324p.o
 .data          0x00800100        0x0 acc_mma7260qt.o
 .data          0x00800100        0x0 crc.o
 .data          0x00800100        0x0 encoder.o
 .data          0x00800100        0x0 c:/winavr-20090313/bin/../lib/gcc/avr/4.3.2/avr5\libgcc.a(_exit.o)
 .data          0x00800100        0x0 c:/winavr-20090313/bin/../lib/gcc/avr/4.3.2/avr5\libgcc.a(_clear_bss.o)
 *(.data*)
 *(.rodata)
 *(.rodata*)
 *(.gnu.linkonce.d*)
                0x00800100                . = ALIGN (0x2)
                0x00800100                _edata = .
                0x00800100                PROVIDE (__data_end, .)

.bss            0x00800100      0x2c9
                0x00800100                PROVIDE (__bss_start, .)
 *(.bss)
 .bss           0x00800100        0x0 c:/winavr-20090313/bin/../lib/gcc/avr/4.3.2/../../../../avr/lib/avr5/crtm324p.o
 .bss           0x00800100        0x4 wockets_firmware_v1.o
                0x00800102                firstConnection
                0x00800100                status
 .bss           0x00800104        0x0 bt_rn41.o
 .bss           0x00800104        0x0 mcu_atmega324p.o
 .bss           0x00800104        0x0 acc_mma7260qt.o
 .bss           0x00800104        0x0 crc.o
 .bss           0x00800104        0x0 encoder.o
 .bss           0x00800104        0x0 c:/winavr-20090313/bin/../lib/gcc/avr/4.3.2/avr5\libgcc.a(_exit.o)
 .bss           0x00800104        0x0 c:/winavr-20090313/bin/../lib/gcc/avr/4.3.2/avr5\libgcc.a(_clear_bss.o)
 *(.bss*)
 *(COMMON)
 COMMON         0x00800104      0x2c1 wockets_firmware_v1.o
                0x00800104                j
                0x00800105                f
                0x008002a9                ss
                0x008002b0                adc_result
                0x008002b8                r
                0x008002b9                i
                0x008002ba                buffer
                0x008002c2                seq_num
                0x008002c4                crcTable
                0x008003c4                crcval
 COMMON         0x008003c5        0x4 mcu_atmega324p.o
                0x008003c5                delta
                0x008003c9                PROVIDE (__bss_end, .)
                0x000006e6                __data_load_start = LOADADDR (.data)
                0x000006e6                __data_load_end = (__data_load_start + SIZEOF (.data))

.noinit         0x008003c9        0x0
                0x008003c9                PROVIDE (__noinit_start, .)
 *(.noinit*)
                0x008003c9                PROVIDE (__noinit_end, .)
                0x008003c9                _end = .
                0x008003c9                PROVIDE (__heap_start, .)

.eeprom         0x00810000        0x0
 *(.eeprom*)
                0x00810000                __eeprom_end = .

.fuse
 *(.fuse)
 *(.lfuse)
 *(.hfuse)
 *(.efuse)

.lock
 *(.lock*)

.signature
 *(.signature*)

.stab
 *(.stab)

.stabstr
 *(.stabstr)

.stab.excl
 *(.stab.excl)

.stab.exclstr
 *(.stab.exclstr)

.stab.index
 *(.stab.index)

.stab.indexstr
 *(.stab.indexstr)

.comment
 *(.comment)

.debug
 *(.debug)

.line
 *(.line)

.debug_srcinfo
 *(.debug_srcinfo)

.debug_sfnames
 *(.debug_sfnames)

.debug_aranges  0x00000000       0xc0
 *(.debug_aranges)
 .debug_aranges
                0x00000000       0x20 wockets_firmware_v1.o
 .debug_aranges
                0x00000020       0x20 bt_rn41.o
 .debug_aranges
                0x00000040       0x20 mcu_atmega324p.o
 .debug_aranges
                0x00000060       0x20 acc_mma7260qt.o
 .debug_aranges
                0x00000080       0x20 crc.o
 .debug_aranges
                0x000000a0       0x20 encoder.o

.debug_pubnames
                0x00000000      0x4b9
 *(.debug_pubnames)
 .debug_pubnames
                0x00000000       0xbc wockets_firmware_v1.o
 .debug_pubnames
                0x000000bc       0x7d bt_rn41.o
 .debug_pubnames
                0x00000139      0x2a6 mcu_atmega324p.o
 .debug_pubnames
                0x000003df       0x89 acc_mma7260qt.o
 .debug_pubnames
                0x00000468       0x34 crc.o
 .debug_pubnames
                0x0000049c       0x1d encoder.o

.debug_info     0x00000000      0xa4b
 *(.debug_info)
 .debug_info    0x00000000      0x2d9 wockets_firmware_v1.o
 .debug_info    0x000002d9       0xd8 bt_rn41.o
 .debug_info    0x000003b1      0x386 mcu_atmega324p.o
 .debug_info    0x00000737       0xf0 acc_mma7260qt.o
 .debug_info    0x00000827      0x106 crc.o
 .debug_info    0x0000092d      0x11e encoder.o
 *(.gnu.linkonce.wi.*)

.debug_abbrev   0x00000000      0x54a
 *(.debug_abbrev)
 .debug_abbrev  0x00000000      0x13c wockets_firmware_v1.o
 .debug_abbrev  0x0000013c       0x52 bt_rn41.o
 .debug_abbrev  0x0000018e      0x191 mcu_atmega324p.o
 .debug_abbrev  0x0000031f       0xb8 acc_mma7260qt.o
 .debug_abbrev  0x000003d7       0xe7 crc.o
 .debug_abbrev  0x000004be       0x8c encoder.o

.debug_line     0x00000000      0xb4c
 *(.debug_line)
 .debug_line    0x00000000      0x2aa wockets_firmware_v1.o
 .debug_line    0x000002aa      0x109 bt_rn41.o
 .debug_line    0x000003b3      0x4d0 mcu_atmega324p.o
 .debug_line    0x00000883      0x179 acc_mma7260qt.o
 .debug_line    0x000009fc       0xda crc.o
 .debug_line    0x00000ad6       0x76 encoder.o

.debug_frame    0x00000000      0x2e0
 *(.debug_frame)
 .debug_frame   0x00000000       0x40 wockets_firmware_v1.o
 .debug_frame   0x00000040       0x70 bt_rn41.o
 .debug_frame   0x000000b0      0x180 mcu_atmega324p.o
 .debug_frame   0x00000230       0x60 acc_mma7260qt.o
 .debug_frame   0x00000290       0x30 crc.o
 .debug_frame   0x000002c0       0x20 encoder.o

.debug_str      0x00000000      0x528
 *(.debug_str)
 .debug_str     0x00000000      0x190 wockets_firmware_v1.o
                                0x1c9 (size before relaxing)
 .debug_str     0x00000190       0x60 bt_rn41.o
                                0x10d (size before relaxing)
 .debug_str     0x000001f0      0x269 mcu_atmega324p.o
                                0x329 (size before relaxing)
 .debug_str     0x00000459       0x7c acc_mma7260qt.o
                                0x129 (size before relaxing)
 .debug_str     0x000004d5       0x39 crc.o
                                 0x9b (size before relaxing)
 .debug_str     0x0000050e       0x1a encoder.o
                                 0xd3 (size before relaxing)

.debug_loc      0x00000000      0x260
 *(.debug_loc)
 .debug_loc     0x00000000       0x28 wockets_firmware_v1.o
 .debug_loc     0x00000028      0x113 mcu_atmega324p.o
 .debug_loc     0x0000013b       0x13 acc_mma7260qt.o
 .debug_loc     0x0000014e       0x49 crc.o
 .debug_loc     0x00000197       0xc9 encoder.o

.debug_macinfo
 *(.debug_macinfo)
OUTPUT(wocketsfirmwarev1.elf elf32-avr)
LOAD linker stubs

.debug_ranges   0x00000000       0x48
 .debug_ranges  0x00000000       0x48 wockets_firmware_v1.o
