Archive member included because of file (symbol)

c:/winavr-20090313/bin/../lib/gcc/avr/4.3.2/avr5\libgcc.a(_exit.o)
                              c:/winavr-20090313/bin/../lib/gcc/avr/4.3.2/../../../../avr/lib/avr5/crtm324p.o (exit)
c:/winavr-20090313/bin/../lib/gcc/avr/4.3.2/avr5\libgcc.a(_copy_data.o)
                              wockets_firmware_v1.o (__do_copy_data)
c:/winavr-20090313/bin/../lib/gcc/avr/4.3.2/avr5\libgcc.a(_clear_bss.o)
                              wockets_firmware_v1.o (__do_clear_bss)
c:/winavr-20090313/bin/../lib/gcc/avr/4.3.2/../../../../avr/lib/avr5\libc.a(eerd_word.o)
                              wockets_firmware_v1.o (__eerd_word)
c:/winavr-20090313/bin/../lib/gcc/avr/4.3.2/../../../../avr/lib/avr5\libc.a(eewr_word.o)
                              wockets_firmware_v1.o (__eewr_word)

Allocating common symbols
Common symbol       size              file

j                   0x1               wockets_firmware_v1.o
ack                 0x1               wockets_firmware_v1.o
wocket_status       0x1               wockets_firmware_v1.o
adc_result          0xa               wockets_firmware_v1.o
r                   0x1               wockets_firmware_v1.o
i                   0x1               wockets_firmware_v1.o
seq_num             0x2               wockets_firmware_v1.o
delta               0x4               mcu_atmega324p.o
crcTable            0x100             wockets_firmware_v1.o
battery             0x1               wockets_firmware_v1.o
atmega_clock_prescalar
                    0x1               wockets_firmware_v1.o
sensitivity         0x1               wockets_firmware_v1.o
aBuffer             0xa               wockets_firmware_v1.o

Memory Configuration

Name             Origin             Length             Attributes
text             0x00000000         0x00020000         xr
data             0x00800060         0x0000ffa0         rw !x
eeprom           0x00810000         0x00010000         rw !x
fuse             0x00820000         0x00000400         rw !x
lock             0x00830000         0x00000400         rw !x
signature        0x00840000         0x00000400         rw !x
*default*        0x00000000         0xffffffff

Linker script and memory map

Address of section .data set to 0x800100
LOAD c:/winavr-20090313/bin/../lib/gcc/avr/4.3.2/../../../../avr/lib/avr5/crtm324p.o
LOAD wockets_firmware_v1.o
LOAD bt_rn41.o
LOAD mcu_atmega324p.o
LOAD acc_mma7260qt.o
LOAD crc.o
LOAD encoder.o
LOAD c:/winavr-20090313/bin/../lib/gcc/avr/4.3.2/avr5\libgcc.a
LOAD c:/winavr-20090313/bin/../lib/gcc/avr/4.3.2/../../../../avr/lib/avr5\libc.a
LOAD c:/winavr-20090313/bin/../lib/gcc/avr/4.3.2/avr5\libgcc.a

.hash
 *(.hash)

.dynsym
 *(.dynsym)

.dynstr
 *(.dynstr)

.gnu.version
 *(.gnu.version)

.gnu.version_d
 *(.gnu.version_d)

.gnu.version_r
 *(.gnu.version_r)

.rel.init
 *(.rel.init)

.rela.init
 *(.rela.init)

.rel.text
 *(.rel.text)
 *(.rel.text.*)
 *(.rel.gnu.linkonce.t*)

.rela.text
 *(.rela.text)
 *(.rela.text.*)
 *(.rela.gnu.linkonce.t*)

.rel.fini
 *(.rel.fini)

.rela.fini
 *(.rela.fini)

.rel.rodata
 *(.rel.rodata)
 *(.rel.rodata.*)
 *(.rel.gnu.linkonce.r*)

.rela.rodata
 *(.rela.rodata)
 *(.rela.rodata.*)
 *(.rela.gnu.linkonce.r*)

.rel.data
 *(.rel.data)
 *(.rel.data.*)
 *(.rel.gnu.linkonce.d*)

.rela.data
 *(.rela.data)
 *(.rela.data.*)
 *(.rela.gnu.linkonce.d*)

.rel.ctors
 *(.rel.ctors)

.rela.ctors
 *(.rela.ctors)

.rel.dtors
 *(.rel.dtors)

.rela.dtors
 *(.rela.dtors)

.rel.got
 *(.rel.got)

.rela.got
 *(.rela.got)

.rel.bss
 *(.rel.bss)

.rela.bss
 *(.rela.bss)

.rel.plt
 *(.rel.plt)

.rela.plt
 *(.rela.plt)

.text           0x00000000     0x1c46
 *(.vectors)
 .vectors       0x00000000       0x7c c:/winavr-20090313/bin/../lib/gcc/avr/4.3.2/../../../../avr/lib/avr5/crtm324p.o
                0x00000000                __vectors
                0x00000000                __vector_default
 *(.vectors)
 *(.progmem.gcc*)
 .progmem.gcc_sw_table
                0x0000007c       0x3c wockets_firmware_v1.o
 *(.progmem*)
                0x000000b8                . = ALIGN (0x2)
                0x000000b8                __trampolines_start = .
 *(.trampolines)
 .trampolines   0x000000b8        0x0 linker stubs
 *(.trampolines*)
                0x000000b8                __trampolines_end = .
 *(.jumptables)
 *(.jumptables*)
 *(.lowtext)
 *(.lowtext*)
                0x000000b8                __ctors_start = .
 *(.ctors)
                0x000000b8                __ctors_end = .
                0x000000b8                __dtors_start = .
 *(.dtors)
                0x000000b8                __dtors_end = .
 SORT(*)(.ctors)
 SORT(*)(.dtors)
 *(.init0)
 .init0         0x000000b8        0x0 c:/winavr-20090313/bin/../lib/gcc/avr/4.3.2/../../../../avr/lib/avr5/crtm324p.o
                0x000000b8                __init
 *(.init0)
 *(.init1)
 *(.init1)
 *(.init2)
 .init2         0x000000b8        0xc c:/winavr-20090313/bin/../lib/gcc/avr/4.3.2/../../../../avr/lib/avr5/crtm324p.o
 *(.init2)
 *(.init3)
 *(.init3)
 *(.init4)
 .init4         0x000000c4       0x16 c:/winavr-20090313/bin/../lib/gcc/avr/4.3.2/avr5\libgcc.a(_copy_data.o)
                0x000000c4                __do_copy_data
 .init4         0x000000da       0x10 c:/winavr-20090313/bin/../lib/gcc/avr/4.3.2/avr5\libgcc.a(_clear_bss.o)
                0x000000da                __do_clear_bss
 *(.init4)
 *(.init5)
 *(.init5)
 *(.init6)
 *(.init6)
 *(.init7)
 *(.init7)
 *(.init8)
 *(.init8)
 *(.init9)
 .init9         0x000000ea        0x8 c:/winavr-20090313/bin/../lib/gcc/avr/4.3.2/../../../../avr/lib/avr5/crtm324p.o
 *(.init9)
 *(.text)
 .text          0x000000f2        0x4 c:/winavr-20090313/bin/../lib/gcc/avr/4.3.2/../../../../avr/lib/avr5/crtm324p.o
                0x000000f2                __vector_22
                0x000000f2                __vector_28
                0x000000f2                __vector_1
                0x000000f2                __vector_24
                0x000000f2                __vector_12
                0x000000f2                __bad_interrupt
                0x000000f2                __vector_6
                0x000000f2                __vector_3
                0x000000f2                __vector_23
                0x000000f2                __vector_30
                0x000000f2                __vector_25
                0x000000f2                __vector_13
                0x000000f2                __vector_17
                0x000000f2                __vector_19
                0x000000f2                __vector_7
                0x000000f2                __vector_27
                0x000000f2                __vector_5
                0x000000f2                __vector_4
                0x000000f2                __vector_9
                0x000000f2                __vector_2
                0x000000f2                __vector_21
                0x000000f2                __vector_15
                0x000000f2                __vector_29
                0x000000f2                __vector_8
                0x000000f2                __vector_26
                0x000000f2                __vector_14
                0x000000f2                __vector_10
                0x000000f2                __vector_16
                0x000000f2                __vector_18
                0x000000f2                __vector_20
 .text          0x000000f6      0x9d2 wockets_firmware_v1.o
                0x00000166                __vector_11
                0x00000120                TransmitFrame
                0x0000093a                main
 .text          0x00000ac8       0x44 bt_rn41.o
                0x00000af4                _rn41_reset
                0x00000ae2                _rn41_is_discoverable
                0x00000ada                _rn41_is_connected
                0x00000ac8                _rn41_init
                0x00000af0                _rn41_on
                0x00000aec                _rn41_off
 .text          0x00000b0c      0xfb2 mcu_atmega324p.o
                0x000019ba                _atmega324p_green_led_off
                0x000019be                _atmega324p_yellow_led_on
                0x00001a08                TransmitByte
                0x00000c86                _atmega_a2dConvert10bit
                0x00001846                _atmega324p_set_reference_adc
                0x000019c2                _atmega324p_yellow_led_off
                0x00001702                _is_accelerometer_on
                0x0000170c                _greenled_turn_on
                0x00001a4a                _atmega324p_reset
                0x00000ce4                _atmega_initialize_uart1
                0x00001780                _atmega324p_init_uart1
                0x00000eba                _bluetooth_exit_command_mode
                0x00001306                _bluetooth_get_baud_rate
                0x00001484                _accelerometer_set_sensitivity
                0x0000144a                _bluetooth_receive_uart0_byte
                0x00000dca                _bluetooth_enter_command_mode
                0x00000f68                _bluetooth_reset
                0x000017b8                _atmega324p_set_prescalar_adc
                0x00001a64                _atmega324p_init
                0x00000bb2                _atmega_select_adc
                0x000019cc                _atmega324p_disable_JTAG
                0x0000185e                _atmega324p_disable_adc
                0x00000d20                _atmega_set_timer2_prescalar
                0x00001958                _atmega324p_a2dConvert10bit
                0x0000146a                _bluetooth_transmit_uart0_byte
                0x000019e0                ReceiveByte
                0x00001440                _bluetooth_is_discoverable
                0x0000198e                _atmega324p_init_adc
                0x00001a2c                _atmega324p_power_down
                0x000019b6                _atmega324p_green_led_on
                0x00000cbc                _atmega_initialize_uart0
                0x00000f8c                _bluetooth_set_baud_rate
                0x0000176a                _atmega324p_init_uart0
                0x000014aa                _atmega_initialize
                0x00001884                _atmega324p_set_channel_adc
                0x00000d9c                _atmega_reset
                0x00001636                _accelerometer_turn_on
                0x0000164a                _accelerometer_turn_off
                0x00000d0c                _atmega_disable_JTAG
                0x0000186a                _atmega324p_start_adc
                0x00001664                _atmega_finalize
                0x00001438                _bluetooth_is_connected
                0x00001852                _atmega324p_enable_adc
                0x00000b9a                _atmega_adc_turn_on
                0x00000db6                _atmega_disable_watchdog
                0x00001a22                _atmega324p_shutdown
                0x00001408                _bluetooth_turn_on
                0x0000171c                _greenled_turn_off
                0x0000141e                _bluetooth_turn_off
                0x0000172e                _is_greenled_on
                0x000017ac                _atmega324p_disable_free_running_adc
                0x0000175c                _is_yellowled_on
                0x0000174a                _yellowled_turn_off
                0x0000173a                _yellowled_turn_on
                0x000019c6                _atmega324p_powerdown
                0x00001796                _atmega324p_enable_free_running_adc
                0x0000187c                _atmega324p_is_complete_adc
                0x00001430                _is_bluetooth_on
                0x00000d92                _atmega_disable_timer2
                0x00000b0c                _atmega_set_adc_clock
                0x00000ba6                _atmega_adc_turn_off
                0x00000d7c                _atmega_enable_timer2
 .text          0x00001abe       0x64 acc_mma7260qt.o
                0x00001abe                _mma7260qt_set_sensitivity
                0x00001aee                _mma7260qt_sleep
                0x00001aea                _mma7260qt_wakeup
                0x00001af2                _mma7260qt_is_asleep
                0x00001b00                _mma7260qt_init
 .text          0x00001b22       0x4e crc.o
                0x00001b52                crc
                0x00001b22                init_crc
 .text          0x00001b70       0x7c encoder.o
                0x00001b70                encode
 .text          0x00001bec        0x0 c:/winavr-20090313/bin/../lib/gcc/avr/4.3.2/avr5\libgcc.a(_exit.o)
 .text          0x00001bec        0x0 c:/winavr-20090313/bin/../lib/gcc/avr/4.3.2/avr5\libgcc.a(_copy_data.o)
 .text          0x00001bec        0x0 c:/winavr-20090313/bin/../lib/gcc/avr/4.3.2/avr5\libgcc.a(_clear_bss.o)
 .text          0x00001bec       0x2c c:/winavr-20090313/bin/../lib/gcc/avr/4.3.2/../../../../avr/lib/avr5\libc.a(eerd_word.o)
                0x00001bec                __eerd_word
 .text          0x00001c18       0x2a c:/winavr-20090313/bin/../lib/gcc/avr/4.3.2/../../../../avr/lib/avr5\libc.a(eewr_word.o)
                0x00001c18                __eewr_word
                0x00001c42                . = ALIGN (0x2)
 *(.text.*)
 .text.libgcc   0x00001c42        0x0 c:/winavr-20090313/bin/../lib/gcc/avr/4.3.2/avr5\libgcc.a(_exit.o)
 .text.libgcc   0x00001c42        0x0 c:/winavr-20090313/bin/../lib/gcc/avr/4.3.2/avr5\libgcc.a(_copy_data.o)
 .text.libgcc   0x00001c42        0x0 c:/winavr-20090313/bin/../lib/gcc/avr/4.3.2/avr5\libgcc.a(_clear_bss.o)
                0x00001c42                . = ALIGN (0x2)
 *(.fini9)
 .fini9         0x00001c42        0x0 c:/winavr-20090313/bin/../lib/gcc/avr/4.3.2/avr5\libgcc.a(_exit.o)
                0x00001c42                exit
                0x00001c42                _exit
 *(.fini9)
 *(.fini8)
 *(.fini8)
 *(.fini7)
 *(.fini7)
 *(.fini6)
 *(.fini6)
 *(.fini5)
 *(.fini5)
 *(.fini4)
 *(.fini4)
 *(.fini3)
 *(.fini3)
 *(.fini2)
 *(.fini2)
 *(.fini1)
 *(.fini1)
 *(.fini0)
 .fini0         0x00001c42        0x4 c:/winavr-20090313/bin/../lib/gcc/avr/4.3.2/avr5\libgcc.a(_exit.o)
 *(.fini0)
                0x00001c46                _etext = .

.data           0x00800100        0x4 load address 0x00001c46
                0x00800100                PROVIDE (__data_start, .)
 *(.data)
 .data          0x00800100        0x0 c:/winavr-20090313/bin/../lib/gcc/avr/4.3.2/../../../../avr/lib/avr5/crtm324p.o
 .data          0x00800100        0x3 wockets_firmware_v1.o
                0x00800100                address
                0x00800102                disconnected_reset
 .data          0x00800103        0x0 bt_rn41.o
 .data          0x00800103        0x0 mcu_atmega324p.o
 .data          0x00800103        0x0 acc_mma7260qt.o
 .data          0x00800103        0x0 crc.o
 .data          0x00800103        0x0 encoder.o
 .data          0x00800103        0x0 c:/winavr-20090313/bin/../lib/gcc/avr/4.3.2/avr5\libgcc.a(_exit.o)
 .data          0x00800103        0x0 c:/winavr-20090313/bin/../lib/gcc/avr/4.3.2/avr5\libgcc.a(_copy_data.o)
 .data          0x00800103        0x0 c:/winavr-20090313/bin/../lib/gcc/avr/4.3.2/avr5\libgcc.a(_clear_bss.o)
 .data          0x00800103        0x0 c:/winavr-20090313/bin/../lib/gcc/avr/4.3.2/../../../../avr/lib/avr5\libc.a(eerd_word.o)
 .data          0x00800103        0x0 c:/winavr-20090313/bin/../lib/gcc/avr/4.3.2/../../../../avr/lib/avr5\libc.a(eewr_word.o)
 *(.data*)
 *(.rodata)
 *(.rodata*)
 *(.gnu.linkonce.d*)
                0x00800104                . = ALIGN (0x2)
 *fill*         0x00800103        0x1 00
                0x00800104                _edata = .
                0x00800104                PROVIDE (__data_end, .)

.bss            0x00800104      0x13f
                0x00800104                PROVIDE (__bss_start, .)
 *(.bss)
 .bss           0x00800104        0x0 c:/winavr-20090313/bin/../lib/gcc/avr/4.3.2/../../../../avr/lib/avr5/crtm324p.o
 .bss           0x00800104       0x1d wockets_firmware_v1.o
                0x0080010f                paused
                0x0080011f                sequence
                0x00800110                aByte
                0x00800119                response
                0x0080011a                receive_counter
                0x00800105                led_counter
                0x0080011e                response_length
                0x00800113                command_length
                0x0080010b                sleep
                0x00800114                command_timer
                0x00800116                processed_counter
                0x00800112                command_counter
                0x00800109                sleep_counter2
                0x00800117                alive_timer
                0x00800111                opcode
                0x0080010d                disconnection_counter
                0x00800107                sleep_counter
                0x00800104                crcval
                0x0080011c                word
 .bss           0x00800121        0x0 bt_rn41.o
 .bss           0x00800121        0x0 mcu_atmega324p.o
 .bss           0x00800121        0x0 acc_mma7260qt.o
 .bss           0x00800121        0x0 crc.o
 .bss           0x00800121        0x0 encoder.o
 .bss           0x00800121        0x0 c:/winavr-20090313/bin/../lib/gcc/avr/4.3.2/avr5\libgcc.a(_exit.o)
 .bss           0x00800121        0x0 c:/winavr-20090313/bin/../lib/gcc/avr/4.3.2/avr5\libgcc.a(_copy_data.o)
 .bss           0x00800121        0x0 c:/winavr-20090313/bin/../lib/gcc/avr/4.3.2/avr5\libgcc.a(_clear_bss.o)
 .bss           0x00800121        0x0 c:/winavr-20090313/bin/../lib/gcc/avr/4.3.2/../../../../avr/lib/avr5\libc.a(eerd_word.o)
 .bss           0x00800121        0x0 c:/winavr-20090313/bin/../lib/gcc/avr/4.3.2/../../../../avr/lib/avr5\libc.a(eewr_word.o)
 *(.bss*)
 *(COMMON)
 COMMON         0x00800121      0x11e wockets_firmware_v1.o
                0x00800121                j
                0x00800122                ack
                0x00800123                wocket_status
                0x00800124                adc_result
                0x0080012e                r
                0x0080012f                i
                0x00800130                seq_num
                0x00800132                crcTable
                0x00800232                battery
                0x00800233                atmega_clock_prescalar
                0x00800234                sensitivity
                0x00800235                aBuffer
 COMMON         0x0080023f        0x4 mcu_atmega324p.o
                0x0080023f                delta
                0x00800243                PROVIDE (__bss_end, .)
                0x00001c46                __data_load_start = LOADADDR (.data)
                0x00001c4a                __data_load_end = (__data_load_start + SIZEOF (.data))

.noinit         0x00800243        0x0
                0x00800243                PROVIDE (__noinit_start, .)
 *(.noinit*)
                0x00800243                PROVIDE (__noinit_end, .)
                0x00800243                _end = .
                0x00800243                PROVIDE (__heap_start, .)

.eeprom         0x00810000        0x0
 *(.eeprom*)
                0x00810000                __eeprom_end = .

.fuse
 *(.fuse)
 *(.lfuse)
 *(.hfuse)
 *(.efuse)

.lock
 *(.lock*)

.signature
 *(.signature*)

.stab
 *(.stab)

.stabstr
 *(.stabstr)

.stab.excl
 *(.stab.excl)

.stab.exclstr
 *(.stab.exclstr)

.stab.index
 *(.stab.index)

.stab.indexstr
 *(.stab.indexstr)

.comment
 *(.comment)

.debug
 *(.debug)

.line
 *(.line)

.debug_srcinfo
 *(.debug_srcinfo)

.debug_sfnames
 *(.debug_sfnames)

.debug_aranges  0x00000000       0xc0
 *(.debug_aranges)
 .debug_aranges
                0x00000000       0x20 wockets_firmware_v1.o
 .debug_aranges
                0x00000020       0x20 bt_rn41.o
 .debug_aranges
                0x00000040       0x20 mcu_atmega324p.o
 .debug_aranges
                0x00000060       0x20 acc_mma7260qt.o
 .debug_aranges
                0x00000080       0x20 crc.o
 .debug_aranges
                0x000000a0       0x20 encoder.o

.debug_pubnames
                0x00000000      0xa79
 *(.debug_pubnames)
 .debug_pubnames
                0x00000000      0x225 wockets_firmware_v1.o
 .debug_pubnames
                0x00000225       0x7d bt_rn41.o
 .debug_pubnames
                0x000002a2      0x6ed mcu_atmega324p.o
 .debug_pubnames
                0x0000098f       0x99 acc_mma7260qt.o
 .debug_pubnames
                0x00000a28       0x34 crc.o
 .debug_pubnames
                0x00000a5c       0x1d encoder.o

.debug_info     0x00000000     0x211f
 *(.debug_info)
 .debug_info    0x00000000      0x64b wockets_firmware_v1.o
 .debug_info    0x0000064b      0x1af bt_rn41.o
 .debug_info    0x000007fa     0x1626 mcu_atmega324p.o
 .debug_info    0x00001e20      0x106 acc_mma7260qt.o
 .debug_info    0x00001f26      0x106 crc.o
 .debug_info    0x0000202c       0xf3 encoder.o
 *(.gnu.linkonce.wi.*)

.debug_abbrev   0x00000000      0x8ee
 *(.debug_abbrev)
 .debug_abbrev  0x00000000      0x247 wockets_firmware_v1.o
 .debug_abbrev  0x00000247      0x116 bt_rn41.o
 .debug_abbrev  0x0000035d      0x353 mcu_atmega324p.o
 .debug_abbrev  0x000006b0       0xcb acc_mma7260qt.o
 .debug_abbrev  0x0000077b       0xe7 crc.o
 .debug_abbrev  0x00000862       0x8c encoder.o

.debug_line     0x00000000     0x25ce
 *(.debug_line)
 .debug_line    0x00000000      0x81d wockets_firmware_v1.o
 .debug_line    0x0000081d      0x1d3 bt_rn41.o
 .debug_line    0x000009f0     0x1902 mcu_atmega324p.o
 .debug_line    0x000022f2      0x18c acc_mma7260qt.o
 .debug_line    0x0000247e       0xda crc.o
 .debug_line    0x00002558       0x76 encoder.o

.debug_frame    0x00000000      0x570
 *(.debug_frame)
 .debug_frame   0x00000000       0x60 wockets_firmware_v1.o
 .debug_frame   0x00000060       0x70 bt_rn41.o
 .debug_frame   0x000000d0      0x3f0 mcu_atmega324p.o
 .debug_frame   0x000004c0       0x60 acc_mma7260qt.o
 .debug_frame   0x00000520       0x30 crc.o
 .debug_frame   0x00000550       0x20 encoder.o

.debug_str      0x00000000      0x9fe
 *(.debug_str)
 .debug_str     0x00000000      0x2cf wockets_firmware_v1.o
                                0x31f (size before relaxing)
 .debug_str     0x000002cf       0x60 bt_rn41.o
                                0x13d (size before relaxing)
 .debug_str     0x0000032f      0x612 mcu_atmega324p.o
                                0x756 (size before relaxing)
 .debug_str     0x00000941       0x76 acc_mma7260qt.o
                                0x122 (size before relaxing)
 .debug_str     0x000009b7       0x2d crc.o
                                 0x88 (size before relaxing)
 .debug_str     0x000009e4       0x1a encoder.o
                                 0xb8 (size before relaxing)

.debug_loc      0x00000000      0x8fd
 *(.debug_loc)
 .debug_loc     0x00000000       0xbb wockets_firmware_v1.o
 .debug_loc     0x000000bb      0x750 mcu_atmega324p.o
 .debug_loc     0x0000080b       0x1e acc_mma7260qt.o
 .debug_loc     0x00000829       0x49 crc.o
 .debug_loc     0x00000872       0x8b encoder.o

.debug_macinfo
 *(.debug_macinfo)
OUTPUT(wocketsfirmwarev1.elf elf32-avr)
LOAD linker stubs

.debug_ranges   0x00000000      0x3a8
 .debug_ranges  0x00000000       0x48 wockets_firmware_v1.o
 .debug_ranges  0x00000048      0x360 mcu_atmega324p.o
